Connected
Connected
Disconnected
Disconnected
Disconnected
Connected
Connected
Connected
Connected
Connected
Connected
Connected
Disconnected
Connected
Disconnected
Connected
Connected
Connected
Connected
Connected
Disconnected
Disconnected
Connected
Disconnected
Disconnected
Disconnected
Connected
Disconnected
Disconnected
Connected
Connected
Connected
Connected
Disconnected
Connected
Connected
Connected
Connected
Connected
Connected
Connected
Connected
Connected
Connected
Connected
Disconnected
Disconnected
Connected
Connected
Disconnected
Connected
Connected
Connected
Disconnected
Connected
Connected
Connected
Disconnected
Connected
Disconnected
Disconnected
Connected
Disconnected
Connected
Connected
Connected
Connected
Connected
Disconnected
Connected
Connected
Connected
Disconnected
Connected
Connected
Disconnected
Disconnected
Connected
Connected
Disconnected
Connected
Connected
Disconnected
Connected
Disconnected
Connected
Disconnected
Connected
Connected
Connected
Disconnected
Connected
Disconnected
Connected
Disconnected
Connected
Connected
Disconnected
Disconnected
Disconnected
Connected
Disconnected
Connected
Connected
Connected
Disconnected
Disconnected
Connected
Disconnected
Disconnected
Disconnected
Connected
Connected
Connected
Disconnected
Disconnected
Disconnected
Disconnected
Disconnected
Connected
Connected
Disconnected
Connected
Disconnected
Connected
Disconnected
Connected
Disconnected
Connected
Connected
Disconnected
Connected
Connected
Connected
Connected
Connected
Disconnected
Disconnected
Connected
Connected
Disconnected
Disconnected
Connected
Disconnected
Disconnected
Disconnected
Connected
Connected
Connected
Connected
Connected
Disconnected
Connected
Disconnected
Disconnected
Connected
Connected
Disconnected
Connected
Disconnected
Connected
Connected
Connected
Connected
Disconnected
Connected
Connected
Connected
Connected
Disconnected
Connected
Connected
Connected
Connected
Connected
Disconnected
Disconnected
Connected
Disconnected
Connected
Disconnected
Connected
Connected
Connected
Disconnected
Disconnected
Disconnected
Disconnected
Connected
Disconnected
Connected
Disconnected
Disconnected
Connected
Connected
Disconnected
Disconnected
Disconnected
Connected
Connected
Connected
Disconnected
Disconnected
Disconnected
Disconnected
Connected
Disconnected
Disconnected
Connected
Disconnected
Connected
Connected
Connected
Connected
Disconnected
Disconnected
Connected
Connected
Disconnected
Disconnected
Disconnected
Disconnected
Disconnected
Connected
Disconnected
Connected
Disconnected
Connected
Connected
Connected
Disconnected
Connected
Connected
Connected
Connected
Connected
Disconnected
Connected
Disconnected
Connected
Connected
Disconnected
Connected
Connected
Disconnected
Connected
Connected
Connected
Connected
Connected
Connected
Connected
Disconnected
Disconnected
Connected
Connected
Connected
Connected
Connected
Disconnected
Connected
Connected
Connected
Disconnected
Disconnected
Connected
Connected
Connected
Connected
Connected
Disconnected
Disconnected
Disconnected
Disconnected
Connected
Connected
Connected
Connected
Connected
Disconnected
Connected
Connected
Connected
Connected
Connected
Connected
Disconnected
Connected
Connected
Connected
Disconnected
Connected
Disconnected
Disconnected
Connected
Connected
Connected
Disconnected
Disconnected
Connected
Connected
Connected
Connected
Connected
Connected
Disconnected
Connected
Connected
Connected
Connected
Disconnected
Connected
Connected
Connected
Disconnected
Disconnected
Disconnected
Connected
Connected
Disconnected
Connected
Disconnected
Connected
Connected
Connected
Connected
Connected
Connected
Connected
Disconnected
Connected
Disconnected
Connected
Disconnected
Disconnected
Connected
Connected
Connected
Connected
Connected
Connected
Connected
Connected
Connected
Disconnected
Connected
Disconnected
Connected
Disconnected
Connected
Connected
Disconnected
Disconnected
Connected
Disconnected
Connected
Connected
Disconnected
Disconnected
Disconnected
Connected
Connected
Disconnected
Connected
Connected
Connected
Connected
Disconnected
Connected
Disconnected
Connected
Connected
Connected
Disconnected
Connected
Connected
Connected
Connected
Disconnected
Connected
Connected
Connected
Connected
Disconnected
Connected
Disconnected
Connected
Connected
Connected
Disconnected
Disconnected
Connected
Connected
Connected
Connected
Connected
Connected
Connected
Disconnected
Connected
Connected
Connected
Connected
Connected
Disconnected
Disconnected
Connected
Disconnected
Connected
Connected
Connected
Connected
Connected
Connected
Disconnected
Connected
Connected
Disconnected
Disconnected
Connected
Connected
Disconnected
Connected
Disconnected
Disconnected
Connected
Disconnected
Connected
Connected
Connected
Connected
Connected
Connected
Connected
Connected
Connected
Connected
Disconnected
Disconnected
Disconnected
Connected
Connected
Disconnected
Disconnected
Disconnected
Disconnected
Connected
Connected
Connected
Disconnected
Disconnected
Connected
Connected
Connected
Connected
Disconnected
Connected
Connected
Connected
Connected
Connected
Connected
Connected
Connected
Disconnected
Connected
Disconnected
Connected
Connected
Connected
Connected
Connected
Connected
Connected
Connected
Connected
Disconnected
Connected
Connected
Connected
Connected
Connected
Connected
Connected
Connected
Connected
Connected
Connected
Connected
Connected
Connected
Connected
Connected
Connected
Disconnected
Connected
Disconnected
Connected
Connected
Connected
Connected
Connected
Disconnected
Connected
Connected
Disconnected
Connected
Disconnected
Connected
Connected
Connected
Disconnected
Connected
Connected
Disconnected
Connected
Disconnected
Connected
Connected
Connected
Connected
Connected
Connected
Disconnected
Connected
Connected
Connected
Disconnected
Disconnected
Disconnected
Connected
Connected
Disconnected
Connected
Connected
Disconnected
Connected
Disconnected
Disconnected
Connected
Connected
Connected
Connected
Connected
Disconnected
Disconnected
Connected
Connected
Disconnected
Connected
Disconnected
Connected
Connected
Connected
Connected
Connected
Connected
Disconnected
Connected
Connected
Connected
Connected
Connected
Connected
Connected
Connected
Connected
Connected
Connected
Connected
Connected
Connected
Connected
Connected
Disconnected
Connected
Connected
Connected
Connected
Connected
Disconnected
Disconnected
Connected
Connected
Disconnected
Connected
Connected
Connected
Disconnected
Connected
Disconnected
Connected
Disconnected
Disconnected
Connected
Disconnected
Connected
Connected
Connected
Disconnected
Connected
Connected
Connected
Connected
Connected
Disconnected
Connected
Connected
Connected
Connected
Connected
Connected
Connected
Connected
Disconnected
Disconnected
Connected
Connected
Connected
Disconnected
Connected
Connected
Disconnected
Connected
Connected
Connected
Connected
Disconnected
Connected
Connected
Disconnected
Connected
Connected
Connected
Connected
Connected
Connected
Connected
Connected
Disconnected
Disconnected
Connected
Connected
Connected
Disconnected
Disconnected
Connected
Connected
Connected
Connected
Connected
Disconnected
Connected
Connected
Disconnected
Connected
Disconnected
Connected
Connected
Disconnected
Connected
Disconnected
Disconnected
Disconnected
Disconnected
Connected
Connected
Connected
Connected
Disconnected
Connected
Connected
Disconnected
Disconnected
Disconnected
Disconnected
Connected
Connected
Connected
Connected
Connected
Connected
Disconnected
Connected
Connected
Connected
Connected
Connected
Connected
Connected
Connected
Connected
Connected
Connected
Connected
Connected
Disconnected
Connected
Connected
Connected
Connected
Connected
Disconnected
Connected
Connected
Connected
Connected
Disconnected
Connected
Connected
Connected
Connected
Disconnected
Disconnected
Connected
Connected
Disconnected
Disconnected
Connected
Connected
Connected
Disconnected
Disconnected
Connected
Connected
Disconnected
Connected
Connected
Connected
Connected
Connected
Connected
Connected
Connected
Connected
Connected
Disconnected
Disconnected
Disconnected
Connected
Connected
Disconnected
Disconnected
Connected
Connected
Connected
Connected
Disconnected
Connected
Connected
Disconnected
Disconnected
Disconnected
Connected
Connected
Connected
Connected
Disconnected
Connected
Connected
Connected
Disconnected
Connected
Connected
Connected
Disconnected
Disconnected
Disconnected
Connected
Connected
Connected
Connected
Disconnected
Connected
Connected
Connected
Connected
Connected
Connected
Connected
Disconnected
Connected
Connected
Connected
Connected
Connected
Connected
Disconnected
Disconnected
Connected
Connected
Connected
Connected
Connected
Disconnected
Disconnected
Connected
Disconnected
Disconnected
Connected
Disconnected
Disconnected
Connected
Disconnected
Connected
Disconnected
Disconnected
Connected
Connected
Connected
Connected
Connected
Connected
Disconnected
Connected
Disconnected
Disconnected
Connected
Disconnected
Connected
Disconnected
Disconnected
Connected
Connected
Connected
Connected
Disconnected
Disconnected
Disconnected
Disconnected
Connected
Connected
Disconnected
Connected
Connected
Disconnected
Connected
Connected
Connected
Connected
Connected
Disconnected
Connected
Disconnected
Connected
Connected
Connected
Connected
Connected
Disconnected
Connected
Connected
Connected
Disconnected
Disconnected
Disconnected
Connected
Disconnected
Connected
Disconnected
Connected
Disconnected
Disconnected
Connected
Disconnected
Disconnected
Connected
Connected
Connected
Connected
Connected
Connected
Connected
Connected
Disconnected
Connected
Connected
Connected
Connected
Connected
Disconnected
Connected
Disconnected
Disconnected
Disconnected
Connected
Connected
Disconnected
Disconnected
Connected
Connected
Connected
Disconnected
Connected
Disconnected
Disconnected
Connected
Connected
Connected
Disconnected
Connected
Connected
Connected
Connected
Connected
Connected
Disconnected
Disconnected
Connected
Disconnected
Connected
Connected
Connected
Connected
Disconnected
Connected
Connected
Connected
Connected
Disconnected
Connected
Connected
Disconnected
Connected
Connected
Connected
Connected
Connected
Disconnected
Disconnected
Connected
Disconnected
Connected
Disconnected
Connected
Connected
Disconnected
Connected
Connected
Connected
Connected
Disconnected
Disconnected
Connected
Connected
Connected
Disconnected
Connected
Connected
Connected
Connected
Disconnected
Connected
Connected
Disconnected
Connected
Connected
Connected
Disconnected
Connected
Disconnected
Connected
Disconnected
Connected
Disconnected
Disconnected
Disconnected
Connected
Disconnected
Disconnected
Connected
Connected
Connected
Connected
Disconnected
Disconnected
Connected
Disconnected
Connected
Connected
Connected
Connected
Disconnected
Connected
Connected
Connected
Connected
Connected
Disconnected
Connected
Connected
Connected
Connected
Connected
Connected
Connected
Connected
Connected
Connected
Disconnected
